// Vitest Snapshot v1, https://vitest.dev/guide/snapshot.html

exports[`RendererLive with Layout > should render a layout correctly 1`] = `
"Footert──────────────────────────────────────────┐
│                                                │
└────────────────────────────────────────────────┘
[32m╔[39m[32m═[39m[32m═[39m[32m═[39m[32m═[39m[32m═[39m[32m═[39m[32m═[39m[32m═[39m[32m═[39m[32m═[39m[32m═[39m[32m═[39m[32m═[39m[32m═[39m[32m═[39m[32m═[39m[32m═[39m[32m═[39m[32m═[39m[32m═[39m[32m═[39m[32m═[39m[32m═[39m[32m═[39m[32m═[39m[32m═[39m[32m═[39m[32m═[39m[32m═[39m[32m═[39m[32m═[39m[32m═[39m[32m═[39m[32m═[39m[32m═[39m[32m═[39m[32m═[39m[32m═[39m[32m═[39m[32m═[39m[32m═[39m[32m═[39m[32m═[39m[32m═[39m[32m═[39m[32m═[39m[32m═[39m[32m═[39m[32m╗[39m
[32m║[39m                                                [32m║[39m
[32m║[39m                                                [32m║[39m
[32m╚[39m[32m═[39m[32m═[39m[32m═[39m[32m═[39m[32m═[39m[32m═[39m[32m═[39m[32m═[39m[32m═[39m[32m═[39m[32m═[39m[32m═[39m[32m═[39m[32m═[39m[32m═[39m[32m═[39m[32m═[39m[32m═[39m[32m═[39m[32m═[39m[32m═[39m[32m═[39m[32m═[39m[32m═[39m[32m═[39m[32m═[39m[32m═[39m[32m═[39m[32m═[39m[32m═[39m[32m═[39m[32m═[39m[32m═[39m[32m═[39m[32m═[39m[32m═[39m[32m═[39m[32m═[39m[32m═[39m[32m═[39m[32m═[39m[32m═[39m[32m═[39m[32m═[39m[32m═[39m[32m═[39m[32m═[39m[32m═[39m[32m╝[39m
┌────────────────────────────────────────────────┐
│                                                │
└────────────────────────────────────────────────┘"
`;

exports[`RendererLive with Layout should render a layout correctly 1`] = `
"                                                  
                                                  
                                                  
                                                  
                                                  
                                                  
                                                  
                                                  
                                                  
                                                  "
`;
